
[7m[1m[36m RUN [39m[22m[27m [36mv1.6.1[39m [90mC:/Users/escip/OneDrive/Escritorio/Proyectos/dnd5e-character-manager[39m

 [33mÔØ»[39m tests/unit/domain/characterSchema.test.ts [2m ([22m[2m21 tests[22m [2m|[22m [31m1 failed[39m[2m)[22m[90m 10[2mms[22m[39m
[31m   [33mÔØ»[31m tests/unit/domain/characterSchema.test.ts[2m > [22mupdateMetadata[2m > [22mactualiza updatedAt pero preserva createdAt[39m
[31m     ÔåÆ expected '2025-12-27T20:02:09.071Z' not to be '2025-12-27T20:02:09.071Z' // Object.is equality[39m

node.exe : [31mÔÄ»ÔÄ
»ÔÄ»ÔÄ»ÔÄ»ÔÄ»ÔÄ»[1m
[7m Failed Tests 1 [
27m[22mÔÄ»ÔÄ»ÔÄ»ÔÄ»Ô
Ä»ÔÄ»ÔÄ»[39m
En línea: 1 
Carácter: 1
+ & "C:\Program Files
\nodejs/node.exe" 
"C:\Program 
Files\nodejs/node_mo 
...
+ ~~~~~~~~~~~~~~~~~~~
~~~~~~~~~~~~~~~~~~~~~
~~~~~~~~~~~~~~~~~~~~~
~~~~~~~~
    + CategoryInfo   
           : NotSpe  
  cified: ([31mÔÄ   
 »ÔÄ»ÔÄ»Ô...»ÔÄ»Ô    
Ä»ÔÄ»[39m:Strin    
g) [], RemoteExc    
eption
    + FullyQualified 
   ErrorId : Native  
  CommandError
 

[31m[1m[7m FAIL 
[27m[22m[39m tests
/unit/domain/characte
rSchema.test.ts[2m 
> [22mupdateMetadata
[2m > 
[22mactualiza 
updatedAt pero 
preserva createdAt
[31m[1mAssertionErr
or[22m: expected '20
25-12-27T20:02:09.071
Z' not to be '2025-12
-27T20:02:09.071Z' 
// Object.is 
equality[39m
[36m [2mÔØ»[22m te
sts/unit/domain/chara
cterSchema.test.ts:[
2m179:39[22m[39m
    [90m177| [39m
    [90m178| [39m  
      [34mexpect[39
m(updated[33m.[39mc
reatedAt)[33m.[39m
[34mtoBe[39m(origina
lCreatedAt)[33m;[39
m
    [90m179| [39m  
      [34mexpect[39
m(updated[33m.[39mu
pdatedAt)[33m.[39mn
ot[33m.[39m[34mtoB
e[39m(original[33m.
[39mupdatedAt)[33m;
[39m
    [90m   | [39m  
                     
               
[31m^[39m
    [90m180| [39m  
  })[33m;[39m
    [90m181| 
[39m})[33m;[39m

[31m[2mÔÄ»ÔÄ»ÔÄ»ÔÄ»
ÔÄ»ÔÄ»ÔÄ»ÔÄ»ÔÄ»ÔÄ»ÔÄ»
ÔÄ»ÔÄ»ÔÄ»ÔÄ»ÔÄ»ÔÄ»ÔÄ»
ÔÄ»ÔÄ»ÔÄ»ÔÄ»ÔÄ»ÔÄ»[1/
1]ÔÄ»[22m[39m

[2m Test Files [22m [1m[31m1 failed[39m[22m[90m (1)[39m
[2m      Tests [22m [1m[31m1 failed[39m[22m[2m | [22m[1m[32m20 passed[39m[22m[90m (21)[39m
[2m   Start at [22m 21:02:08
[2m   Duration [22m 458ms[2m (transform 33ms, setup 0ms, collect 49ms, tests 10ms, environment 0ms, prepare 136ms)[22m

